// Jest Snapshot v1, https://goo.gl/fbAQLP

exports[`<HomeScreen /> HomeScreen renders correctly 1`] = `
<RCTSafeAreaView
  style={
    {
      "alignItems": "center",
      "flex": 1,
      "justifyContent": "center",
      "marginHorizontal": 16,
    }
  }
>
  <View>
    <Text
      style={
        {
          "marginVertical": 8,
          "textAlign": "center",
        }
      }
    >
      Test app
    </Text>
    <View
      accessibilityState={
        {
          "busy": undefined,
          "checked": undefined,
          "disabled": undefined,
          "expanded": undefined,
          "selected": undefined,
        }
      }
      accessibilityValue={
        {
          "max": undefined,
          "min": undefined,
          "now": undefined,
          "text": undefined,
        }
      }
      accessible={true}
      collapsable={false}
      focusable={true}
      href="/transactions"
      onBlur={[Function]}
      onClick={[Function]}
      onFocus={[Function]}
      onResponderGrant={[Function]}
      onResponderMove={[Function]}
      onResponderRelease={[Function]}
      onResponderTerminate={[Function]}
      onResponderTerminationRequest={[Function]}
      onStartShouldSetResponder={[Function]}
      role="link"
      style={
        {
          "backgroundColor": "skyblue",
          "marginVertical": 8,
          "paddingHorizontal": 20,
          "paddingVertical": 8,
        }
      }
    >
      <Text
        style={
          {
            "color": "#fff",
            "fontSize": 16,
          }
        }
      >
        Go to transactions
      </Text>
    </View>
  </View>
</RCTSafeAreaView>
`;
